[2026-01-03 18:03:27] [INFO] Lock acquired (PID: 1869703)
[2026-01-03 18:03:27] [INFO] Starting postgres service...
[2026-01-03 18:03:27] [INFO] Waiting for postgres to be ready...
[2026-01-03 18:03:32] [INFO] Executing pipeline container...
[2026-01-03 18:03:34] [ERROR] Pipeline failed with exit code: 1
[2026-01-03 18:03:34] [INFO] Stopping services...
[2026-01-03 18:03:34] [INFO] Lock released
[2026-01-03 18:03:34] [INFO] Pipeline finished
[2026-01-03 18:04:25] [INFO] Lock acquired (PID: 1871095)
[2026-01-03 18:04:25] [INFO] Starting postgres service...
[2026-01-03 18:04:25] [INFO] Waiting for postgres to be ready...
[2026-01-03 18:04:30] [INFO] Executing pipeline container...
[2026-01-03 18:04:32] [ERROR] Pipeline failed with exit code: 1
[2026-01-03 18:04:32] [INFO] Stopping services...
[2026-01-03 18:04:32] [INFO] Lock released
[2026-01-03 18:04:32] [INFO] Pipeline finished
[2026-01-03 18:04:35] [INFO] Lock acquired (PID: 1871907)
[2026-01-03 18:04:35] [INFO] Starting postgres service...
[2026-01-03 18:04:35] [INFO] Waiting for postgres to be ready...
[2026-01-03 18:04:40] [INFO] Executing pipeline container...
[2026-01-03 18:04:42] [ERROR] Pipeline failed with exit code: 1
[2026-01-03 18:04:42] [INFO] Stopping services...
[2026-01-03 18:04:42] [INFO] Lock released
[2026-01-03 18:04:42] [INFO] Pipeline finished
[2026-01-03 18:04:55] [INFO] Lock acquired (PID: 1872719)
[2026-01-03 18:04:55] [INFO] Starting postgres service...
[2026-01-03 18:04:55] [INFO] Waiting for postgres to be ready...
[2026-01-03 18:05:00] [INFO] Executing pipeline container...
[2026-01-03 18:05:01] [ERROR] Pipeline failed with exit code: 1
[2026-01-03 18:05:01] [INFO] Stopping services...
[2026-01-03 18:05:02] [INFO] Lock released
[2026-01-03 18:05:02] [INFO] Pipeline finished
[2026-01-03 18:07:47] [INFO] Lock acquired (PID: 1874982)
[2026-01-03 18:07:47] [INFO] Starting postgres service...
[2026-01-03 18:07:47] [INFO] Waiting for postgres to be ready...
[2026-01-03 18:07:52] [INFO] Executing pipeline container...
[2026-01-03 18:07:54] [INFO] Pipeline completed successfully
[2026-01-03 18:07:54] [INFO] Stopping services...
[2026-01-03 18:07:54] [INFO] Lock released
[2026-01-03 18:07:54] [INFO] Pipeline finished
